15.3415.34
Total memory: 15.339908599853516
Free memory: 3.4632339477539062
Uptime : 139.53236527777779
Model : AMD Ryzen 5 5625U with Radeon Graphics         
Platform : win32

Total memory: 15.339908599853516
Free memory: 3.4632339477539062
Uptime : 139.53236527777779
Model : AMD Ryzen 5 5625U with Radeon Graphics         
Platform : win32

Total memory: 15.339908599853516
Free memory: 3.4632339477539062
Uptime : 139.53236527777779
Model : AMD Ryzen 5 5625U with Radeon Graphics         
Platform : win32

Total memory: 15.339908599853516
Free memory: 3.4632339477539062
Uptime : 139.53236527777779
Model : AMD Ryzen 5 5625U with Radeon Graphics         
Platform : win32

Total memory: 15.339908599853516
Free memory: 3.4632339477539062
Uptime : 139.53236527777779
Model : AMD Ryzen 5 5625U with Radeon Graphics         
Platform : win32

Total memory: 15.339908599853516
Free memory: 3.4632339477539062
Uptime : 139.53236527777779
Model : AMD Ryzen 5 5625U with Radeon Graphics         
Platform : win32
